// Jest Snapshot v1, https://goo.gl/fbAQLP

exports[`The Load Screen renders correctly 1`] = `
"
<header class=\\"App-header\\">
  <img src=\\"kaleidoscope-2.svg\\" class=\\"App-logo\\" alt=\\"logo\\">
  <p>Starting Up The Streams...</p>
</header>
"
`;
