// Jest Snapshot v1, https://goo.gl/fbAQLP

exports[`The Configuration Component renders correctly 1`] = `
"
<div></div>
"
`;
