// Jest Snapshot v1, https://goo.gl/fbAQLP

exports[`The Load Screen renders correctly 1`] = `
"
<button>Configure Streams</button>
"
`;
