// Jest Snapshot v1, https://goo.gl/fbAQLP

exports[`The App renders correctly 1`] = `
"
<div class=\\"option-picker\\"></div>
"
`;
