// Jest Snapshot v1, https://goo.gl/fbAQLP

exports[`The Choice renders correctly 1`] = `
"
<div>
  <button>Next Again</button>
</div>
"
`;
