// Jest Snapshot v1, https://goo.gl/fbAQLP

exports[`The Process Component renders correctly 1`] = `
"
<div>Step One</div>
"
`;
