// Jest Snapshot v1, https://goo.gl/fbAQLP

exports[`The Cycler renders correctly 1`] = `
"
<div class=\\"cycler-controls\\">
  <button class=\\"MuiButtonBase-root MuiIconButton-root\\" tabindex=\\"0\\" type=\\"button\\" id=\\"skip-control\\" aria-label=\\"skip\\">
    <span class=\\"MuiIconButton-label\\">
      <svg class=\\"MuiSvgIcon-root\\" focusable=\\"false\\" viewBox=\\"0 0 48 48\\" aria-hidden=\\"true\\" role=\\"presentation\\" xmlns=\\"http://www.w3.org/2000/svg\\" width=\\"48\\" height=\\"48\\">
        <path d=\\"M12 36l17-12-17-12v24zm20-24v24h4V12h-4z\\"></path>
      </svg>
    </span>
    <span class=\\"MuiTouchRipple-root\\"></span>
  </button>
  <button class=\\"MuiButtonBase-root MuiIconButton-root\\" tabindex=\\"0\\" type=\\"button\\" id=\\"playback-control\\">
    <span class=\\"MuiIconButton-label\\"></span>
    <span class=\\"MuiTouchRipple-root\\"></span>
  </button>
</div>
"
`;
