// Jest Snapshot v1, https://goo.gl/fbAQLP

exports[`The Curtain renders correctly 1`] = `"<div id=\\"cycler-controls\\" style=\\"webkit-transform: none; transform: none; webkit-transition: -webkit-transform 225ms cubic-bezier(0.0, 0, 0.2, 1) 0ms; transition: transform 225ms cubic-bezier(0.0, 0, 0.2, 1) 0ms;\\"><div>Now you see me!</div></div>"`;
