// Jest Snapshot v1, https://goo.gl/fbAQLP

exports[`The Picker renders correctly 1`] = `
"
<button id=\\"setup-choice\\">Make Choice</button>
"
`;
